============================= test session starts =============================
platform win32 -- Python 3.12.12, pytest-8.3.4, pluggy-1.6.0
rootdir: C:\Users\lykos\DTU\MLOps\MLops_Project_Group_49
configfile: pyproject.toml
plugins: anyio-4.12.1, hydra-core-1.3.2
collected 1 item

tests\test_api.py F                                                      [100%]

================================== FAILURES ===================================
___________________________ test_root_health_check ____________________________

    def test_root_health_check():
    	response = client.get("/")
    	assert response.status_code == 200
    	data = response.json()
>   	assert data["message"] == "OK"
E    AssertionError: assert 'Financial Sentiment API' == 'OK'
E      
E      - OK
E      + Financial Sentiment API

tests\test_api.py:11: AssertionError
=========================== short test summary info ===========================
FAILED tests/test_api.py::test_root_health_check - AssertionError: assert 'Fi...
============================== 1 failed in 9.15s ==============================
